# A Modoc Tale

This is the introduction to the  found below the title and before the Table of Contents.

## Table of Contents

- [Introduction](#introduction)
   - [Subsection A](#subsection-a)
   - [Subsection B](#subsection-b)
   - [Subsection C](#subsection-c)
- [Chapter One](#chapter-one)
   - [Subsection A](#subsection-a)
   - [Subsection B](#subsection-b)
   - [Subsection C](#subsection-c)
- [Chapter Two](#chapter-two)
   - [Subsection A](#subsection-a)
   - [Subsection B](#subsection-b)
   - [Subsection C](#subsection-c)

